
C:\WINDOWS\system32>C:\Python27\python C:\Users\ywang44\Documents\top125\ExcelEU\Auto_top_125.py 
Connecting Server to determine date info at: 2017-07-10 15:05:54.
Table date: 2017-07-08
Updating Excel file

Update Finished: ES
Send eMail

Update Finished: FR
Send eMail

Update Finished: IT
Send eMail

Update Finished: UK
Send eMail

Update Finished: DE
Send eMail

C:\WINDOWS\system32>C:\Python27\python C:\Users\ywang44\Documents\top125\ExcelEU\Auto_top_125.py 
Connecting Server to determine date info at: 2017-07-17 15:05:47.
Table date: 2017-07-15
Updating Excel file

Update Finished: ES
Send eMail

Update Finished: FR
Send eMail

Update Finished: IT
Send eMail

Update Finished: UK
Send eMail

Update Finished: DE
Send eMail

C:\WINDOWS\system32>C:\Python27\python C:\Users\ywang44\Documents\top125\ExcelEU\Auto_top_125.py 
Connecting Server to determine date info at: 2017-07-24 15:05:49.
Table date: 2017-07-21
Data is not fully ready.
Send eMail

C:\WINDOWS\system32>C:\Python27\python C:\Users\ywang44\Documents\top125\ExcelEU\Auto_top_125.py 
Connecting Server to determine date info at: 2017-07-31 15:05:47.
Table date: 2017-07-28
Data is not fully ready.
Send eMail

C:\WINDOWS\system32>C:\Python27\python C:\Users\ywang44\Documents\top125\ExcelEU\Auto_top_125.py 
Connecting Server to determine date info at: 2017-08-07 15:05:52.
Table date: 2017-08-04
Data is not fully ready.
Send eMail

C:\WINDOWS\system32>C:\Python27\python C:\Users\ywang44\Documents\top125\ExcelEU\Auto_top_125.py 
Connecting Server to determine date info at: 2017-08-14 15:05:54.
Table date: 2017-08-12
Updating Excel file

Update Finished: ES
Send eMail

Update Finished: FR
Send eMail

Update Finished: IT
Send eMail

Update Finished: UK
Send eMail

Update Finished: DE
Send eMail

C:\WINDOWS\system32>C:\Python27\python C:\Users\ywang44\Documents\top125\ExcelEU\Auto_top_125.py 
Connecting Server to determine date info at: 2017-08-21 15:05:55.
Table date: 2017-08-18
Data is not fully ready.
Send eMail

C:\WINDOWS\system32>C:\Python27\python C:\Users\ywang44\Documents\top125\ExcelEU\Auto_top_125.py 
Connecting Server to determine date info at: 2017-09-04 15:05:47.
Table date: 2017-09-02
Updating Excel file

Update Finished: ES
Send eMail

Update Finished: FR
Send eMail

Update Finished: IT
Send eMail

Update Finished: UK
Send eMail

Update Finished: DE
Send eMail

C:\WINDOWS\system32>C:\Python27\python C:\Users\ywang44\Documents\top125\ExcelEU\Auto_top_125.py 
Connecting Server to determine date info at: 2017-09-11 15:05:47.
Table date: 2017-09-09
Updating Excel file

Update Finished: ES
Send eMail

Update Finished: FR
Send eMail

Update Finished: IT
Send eMail

Update Finished: UK
Send eMail

Update Finished: DE
Send eMail

Update Finished: FRITES
Send eMail

C:\WINDOWS\system32>C:\Python27\python C:\Users\ywang44\Documents\top125\ExcelEU\Auto_top_125.py 
Connecting Server to determine date info at: 2017-09-18 15:05:47.
Table date: 2017-09-16
Updating Excel file

Update Finished: ES
Send eMail
^CTerminate batch job (Y/N)? 
C:\WINDOWS\system32>C:\Python27\python C:\Users\ywang44\Documents\top125\ExcelEU\Auto_top_125.py 
Connecting Server to determine date info at: 2017-09-25 15:05:47.
Table date: 2017-09-21
Data is not fully ready.
Send eMail

C:\WINDOWS\system32>C:\Python27\python C:\Users\ywang44\Documents\top125\ExcelEU\Auto_top_125.py 
Connecting Server to determine date info at: 2017-10-09 15:05:49.
Traceback (most recent call last):
  File "C:\Users\ywang44\Documents\top125\ExcelEU\Auto_top_125.py", line 50, in <module>
    print 'Table date: ' + end_dt.strftime("%Y-%m-%d")
AttributeError: 'NoneType' object has no attribute 'strftime'

C:\WINDOWS\system32>C:\Python27\python C:\Users\ywang44\Documents\top125\ExcelEU\Auto_top_125.py 
Connecting Server to determine date info at: 2017-10-16 15:05:48.
Table date: 2017-10-12
Data is not fully ready.
Send eMail

C:\WINDOWS\system32>C:\Python27\python C:\Users\ywang44\Documents\top125\ExcelEU\Auto_top_125.py 
Connecting Server to determine date info at: 2017-10-23 15:05:55.
Table date: 2017-10-21
Updating Excel file

Update Finished: ES
Send eMail

Update Finished: FR
Send eMail

Update Finished: IT
Send eMail

Update Finished: UK
Send eMail

Update Finished: DE
Send eMail

Update Finished: FRITES
Send eMail

C:\WINDOWS\system32>C:\Python27\python C:\Users\ywang44\Documents\top125\ExcelEU\Auto_top_125.py 
Connecting Server to determine date info at: 2017-11-06 15:05:55.
Table date: 2017-11-04
Updating Excel file

Update Finished: ES
Send eMail

Update Finished: FR
Send eMail

Update Finished: IT
Send eMail

Update Finished: UK
Send eMail

Update Finished: DE
Send eMail

Update Finished: FRITES
Send eMail

C:\WINDOWS\system32>C:\Python27\python C:\Users\ywang44\Documents\top125\ExcelEU\Auto_top_125.py 
Connecting Server to determine date info at: 2017-11-13 15:05:57.
Table date: 2017-11-11
Updating Excel file

Update Finished: ES
Send eMail

Update Finished: FR
^CTerminate batch job (Y/N)? 
C:\WINDOWS\system32>C:\Python27\python C:\Users\ywang44\Documents\top125\ExcelEU\Auto_top_125.py 
Connecting Server to determine date info at: 2017-11-20 15:05:54.
Table date: 2017-11-18
Updating Excel file

Update Finished: ES
Send eMail

Update Finished: FR
Send eMail

Update Finished: IT
Send eMail

Update Finished: UK
Send eMail

Update Finished: DE
Send eMail

Update Finished: FRITES
Send eMail

C:\WINDOWS\system32>C:\Python27\python C:\Users\ywang44\Documents\top125\ExcelEU\Auto_top_125.py 
Connecting Server to determine date info at: 2017-11-27 15:05:57.
Table date: 2017-11-25
Updating Excel file

Update Finished: ES
Send eMail

Update Finished: FR
Send eMail

Update Finished: IT
Send eMail

Update Finished: UK
Send eMail

Update Finished: DE
Send eMail

Update Finished: FRITES
Send eMail

C:\WINDOWS\system32>C:\Python27\python C:\Users\ywang44\Documents\top125\ExcelEU\Auto_top_125.py 
Connecting Server to determine date info at: 2017-12-11 15:05:54.
Table date: 2017-12-09
Updating Excel file

Update Finished: ES
Send eMail

Update Finished: FR
Send eMail

Update Finished: IT
Send eMail

Update Finished: UK
Send eMail

Update Finished: DE
Send eMail

Update Finished: FRITES
Send eMail

C:\WINDOWS\system32>C:\Python27\python C:\Users\ywang44\Documents\top125\ExcelEU\Auto_top_125.py 
Connecting Server to determine date info at: 2017-12-25 15:05:54.
Table date: 2017-12-23
Updating Excel file

Update Finished: ES
Send eMail

Update Finished: FR
Send eMail

Update Finished: IT
Send eMail

Update Finished: UK
Send eMail

Update Finished: DE
Send eMail

Update Finished: FRITES
Send eMail

C:\WINDOWS\system32>C:\Python27\python C:\Users\ywang44\Documents\top125\ExcelEU\Auto_top_125.py 
Connecting Server to determine date info at: 2018-01-08 15:05:55.
Table date: 2018-01-06
Updating Excel file

Update Finished: ES
Send eMail

Update Finished: FR
Send eMail

Update Finished: IT
Send eMail

Update Finished: UK
Send eMail

Update Finished: DE
Send eMail

Update Finished: FRITES
Send eMail

C:\WINDOWS\system32>C:\Python27\python C:\Users\ywang44\Documents\top125\ExcelEU\Auto_top_125.py 
Connecting Server to determine date info at: 2018-01-15 15:05:55.
Table date: 2018-01-13
Updating Excel file

Update Finished: ES
Send eMail

Update Finished: FR
Send eMail

Update Finished: IT
Send eMail

Update Finished: UK
Send eMail

Update Finished: DE
Send eMail

Update Finished: FRITES
Send eMail

C:\WINDOWS\system32>C:\Python27\python C:\Users\ywang44\Documents\top125\ExcelEU\Auto_top_125.py 
Connecting Server to determine date info at: 2018-01-22 15:05:55.
Table date: 2018-01-20
Updating Excel file
^C
C:\WINDOWS\system32>C:\Python27\python C:\Users\ywang44\Documents\top125\ExcelEU\Auto_top_125.py 
Connecting Server to determine date info at: 2018-02-05 15:05:55.
Table date: 2018-02-01
Data is not fully ready.
Send eMail

C:\WINDOWS\system32>C:\Python27\python C:\Users\ywang44\Documents\top125\ExcelEU\Auto_top_125.py 
Connecting Server to determine date info at: 2018-02-12 15:05:55.
Table date: 2018-02-10
Updating Excel file

Update Finished: ES
Send eMail

Update Finished: FR
Send eMail
^C
C:\WINDOWS\system32>C:\Python27\python C:\Users\ywang44\Documents\top125\ExcelEU\Auto_top_125.py 
Connecting Server to determine date info at: 2018-02-19 15:05:56.
Table date: 2018-02-16
Data is not fully ready.
Send eMail

C:\WINDOWS\system32>C:\Python27\python C:\Users\ywang44\Documents\top125\ExcelEU\Auto_top_125.py 
Connecting Server to determine date info at: 2018-02-26 15:05:55.
Table date: 2018-02-24
Updating Excel file

Update Finished: ES
Send eMail

Update Finished: FR
Send eMail

Update Finished: IT
Send eMail

Update Finished: UK
Send eMail

Update Finished: DE
Send eMail

Update Finished: FRITES
Send eMail
